Modules list:
-------------
Buckets n Bombs.o:
    CODE              Offs=000000  Size=0006B6  Align=00001  Fill=0000
    RODATA            Offs=000000  Size=000004  Align=00001  Fill=0000
    BSS               Offs=000000  Size=00009A  Align=00001  Fill=0000
    DATA              Offs=000000  Size=000002  Align=00001  Fill=0000
sprite_data.o:
    CODE              Offs=0006C0  Size=0000C0  Align=00040  Fill=000A
c:\Users\chris\cc65/lib/c64.lib(add.o):
    CODE              Offs=000780  Size=00001C  Align=00001  Fill=0000
c:\Users\chris\cc65/lib/c64.lib(addysp.o):
    CODE              Offs=00079C  Size=00000E  Align=00001  Fill=0000
c:\Users\chris\cc65/lib/c64.lib(and.o):
    CODE              Offs=0007AA  Size=000010  Align=00001  Fill=0000
c:\Users\chris\cc65/lib/c64.lib(aslax1.o):
    CODE              Offs=0007BA  Size=000008  Align=00001  Fill=0000
c:\Users\chris\cc65/lib/c64.lib(asrax2.o):
    CODE              Offs=0007C2  Size=00000F  Align=00001  Fill=0000
c:\Users\chris\cc65/lib/c64.lib(asrax4.o):
    CODE              Offs=0007D1  Size=000019  Align=00001  Fill=0000
c:\Users\chris\cc65/lib/c64.lib(callmain.o):
    CODE              Offs=0007EA  Size=000017  Align=00001  Fill=0000
    DATA              Offs=000002  Size=000004  Align=00001  Fill=0000
c:\Users\chris\cc65/lib/c64.lib(clrscr.o):
c:\Users\chris\cc65/lib/c64.lib(condes.o):
    CODE              Offs=000801  Size=00000C  Align=00001  Fill=0000
    DATA              Offs=000006  Size=000025  Align=00001  Fill=0000
    ONCE              Offs=000000  Size=00000C  Align=00001  Fill=0000
c:\Users\chris\cc65/lib/c64.lib(crt0.o):
    STARTUP           Offs=000000  Size=000033  Align=00001  Fill=0000
    ONCE              Offs=00000C  Size=00001A  Align=00001  Fill=0000
    INIT              Offs=000000  Size=00001C  Align=00001  Fill=0000
c:\Users\chris\cc65/lib/c64.lib(decsp1.o):
    CODE              Offs=00080D  Size=000009  Align=00001  Fill=0000
c:\Users\chris\cc65/lib/c64.lib(decsp2.o):
    CODE              Offs=000816  Size=00000D  Align=00001  Fill=0000
c:\Users\chris\cc65/lib/c64.lib(decsp4.o):
    CODE              Offs=000823  Size=00000D  Align=00001  Fill=0000
c:\Users\chris\cc65/lib/c64.lib(decsp6.o):
    CODE              Offs=000830  Size=00000D  Align=00001  Fill=0000
c:\Users\chris\cc65/lib/c64.lib(exehdr.o):
    EXEHDR            Offs=000000  Size=00000C  Align=00001  Fill=0000
c:\Users\chris\cc65/lib/c64.lib(icmp.o):
    CODE              Offs=00083D  Size=00002E  Align=00001  Fill=0000
c:\Users\chris\cc65/lib/c64.lib(incax1.o):
    CODE              Offs=00086B  Size=000007  Align=00001  Fill=0000
c:\Users\chris\cc65/lib/c64.lib(incaxy.o):
    CODE              Offs=000872  Size=00000B  Align=00001  Fill=0000
c:\Users\chris\cc65/lib/c64.lib(incsp2.o):
    CODE              Offs=00087D  Size=000016  Align=00001  Fill=0000
c:\Users\chris\cc65/lib/c64.lib(incsp3.o):
    CODE              Offs=000893  Size=000005  Align=00001  Fill=0000
c:\Users\chris\cc65/lib/c64.lib(incsp4.o):
    CODE              Offs=000898  Size=000005  Align=00001  Fill=0000
c:\Users\chris\cc65/lib/c64.lib(incsp5.o):
    CODE              Offs=00089D  Size=000005  Align=00001  Fill=0000
c:\Users\chris\cc65/lib/c64.lib(incsp6.o):
    CODE              Offs=0008A2  Size=000005  Align=00001  Fill=0000
c:\Users\chris\cc65/lib/c64.lib(incsp8.o):
    CODE              Offs=0008A7  Size=000005  Align=00001  Fill=0000
c:\Users\chris\cc65/lib/c64.lib(kernal.o):
c:\Users\chris\cc65/lib/c64.lib(ldaui.o):
    CODE              Offs=0008AC  Size=000009  Align=00001  Fill=0000
c:\Users\chris\cc65/lib/c64.lib(ldaxi.o):
    CODE              Offs=0008B5  Size=00000D  Align=00001  Fill=0000
c:\Users\chris\cc65/lib/c64.lib(ldaxsp.o):
    CODE              Offs=0008C2  Size=000009  Align=00001  Fill=0000
c:\Users\chris\cc65/lib/c64.lib(loadaddr.o):
    LOADADDR          Offs=000000  Size=000002  Align=00001  Fill=0000
c:\Users\chris\cc65/lib/c64.lib(lt.o):
    CODE              Offs=0008CB  Size=00000A  Align=00001  Fill=0000
c:\Users\chris\cc65/lib/c64.lib(makebool.o):
    CODE              Offs=0008D5  Size=00002C  Align=00001  Fill=0000
c:\Users\chris\cc65/lib/c64.lib(memcpy.o):
    CODE              Offs=000901  Size=00003C  Align=00001  Fill=0000
c:\Users\chris\cc65/lib/c64.lib(mul.o):
    CODE              Offs=00093D  Size=000045  Align=00001  Fill=0000
c:\Users\chris\cc65/lib/c64.lib(mul8.o):
    CODE              Offs=000982  Size=00003A  Align=00001  Fill=0000
c:\Users\chris\cc65/lib/c64.lib(or.o):
    CODE              Offs=0009BC  Size=000012  Align=00001  Fill=0000
c:\Users\chris\cc65/lib/c64.lib(popptr1.o):
    CODE              Offs=0009CE  Size=00000E  Align=00001  Fill=0000
c:\Users\chris\cc65/lib/c64.lib(pusha.o):
    CODE              Offs=0009DC  Size=000016  Align=00001  Fill=0000
c:\Users\chris\cc65/lib/c64.lib(pushax.o):
    CODE              Offs=0009F2  Size=00001A  Align=00001  Fill=0000
c:\Users\chris\cc65/lib/c64.lib(rand.o):
    CODE              Offs=000A0C  Size=000031  Align=00001  Fill=0000
    DATA              Offs=00002B  Size=000004  Align=00001  Fill=0000
c:\Users\chris\cc65/lib/c64.lib(randomize.o):
    CODE              Offs=000A3D  Size=000008  Align=00001  Fill=0000
c:\Users\chris\cc65/lib/c64.lib(shl.o):
    CODE              Offs=000A45  Size=000033  Align=00001  Fill=0000
c:\Users\chris\cc65/lib/c64.lib(staspidx.o):
    CODE              Offs=000A78  Size=000016  Align=00001  Fill=0000
c:\Users\chris\cc65/lib/c64.lib(status.o):
c:\Users\chris\cc65/lib/c64.lib(staxsp.o):
    CODE              Offs=000A8E  Size=00000B  Align=00001  Fill=0000
c:\Users\chris\cc65/lib/c64.lib(staxspi.o):
    CODE              Offs=000A99  Size=00001B  Align=00001  Fill=0000
c:\Users\chris\cc65/lib/c64.lib(sub.o):
    CODE              Offs=000AB4  Size=000015  Align=00001  Fill=0000
c:\Users\chris\cc65/lib/c64.lib(zerobss.o):
    CODE              Offs=000AC9  Size=000023  Align=00001  Fill=0000
c:\Users\chris\cc65/lib/c64.lib(zeropage.o):
    ZEROPAGE          Offs=000000  Size=00001A  Align=00001  Fill=0000


Segment list:
-------------
Name                   Start     End    Size  Align
----------------------------------------------------
ZEROPAGE              000002  00001B  00001A  00001
LOADADDR              0007FF  000800  000002  00001
EXEHDR                000801  00080C  00000C  00001
STARTUP               00080D  00083F  000033  00001
CODE                  000840  00132B  000AEC  00040
RODATA                00132C  00132F  000004  00001
DATA                  001330  00135E  00002F  00001
INIT                  00135F  00137A  00001C  00001
BSS                   00137B  001414  00009A  00001
ONCE                  00137B  0013A0  000026  00001


Exports list by name:
---------------------
BSOUT                     00FFD2 RLA    ST                        000090 RLZ    
__BSS_RUN__               00137B RLA    __BSS_SIZE__              00009A REA    
__CONSTRUCTOR_COUNT__     000000 REA    __CONSTRUCTOR_TABLE__     0013A1 RLA    
__DESTRUCTOR_COUNT__      000000 REA    __DESTRUCTOR_TABLE__      001330 RLA    
__EXEHDR__                000001 REA    __HEADER_LAST__           00080D RLA    
__HIMEM__                 00D000 REA    __LOADADDR__              000001 REA    
__MAIN_SIZE__             00C7F3 REA    __MAIN_START__            00080D RLA    
__ONCE_RUN__              00137B RLA    __STACKSIZE__             000800 REA    
__STARTUP__               000001 REA    __randomize               00127D RLA    
_bomb_img1                000F80 RLA    _clrscr                   00E544 REA    
_main                     000C4E RLA    _memcpy                   001141 RLA    
_rand                     00124C RLA    _srand                    00126E RLA    
addysp                    000FDD RLA    addysp1                   000FDC RLA    
aslax1                    000FFA RLA    asrax2                    001002 RLA    
asrax4                    001011 RLA    boollt                    001124 RLA    
boolne                    001115 RLA    boolult                   001134 RLA    
callmain                  00102A RLA    decsp1                    00104D RLA    
decsp2                    001056 RLA    decsp4                    001063 RLA    
decsp6                    001070 RLA    donelib                   001041 RLA    
incax1                    0010AB RLA    incaxy                    0010B4 RLA    
incsp2                    0010C5 RLA    incsp3                    0010D3 RLA    
incsp4                    0010D8 RLA    incsp5                    0010DD RLA    
incsp6                    0010E2 RLA    incsp8                    0010E7 RLA    
initlib                   00137B RLA    ldauidx                   0010EC RLA    
ldaxidx                   0010F7 RLA    ldaxysp                   001104 RLA    
mul8x16                   0011C4 RLA    mul8x16a                  0011CE RLA    
popax                     0010BD RLA    popptr1                   00120E RLA    
ptr1                      00000A RLZ    ptr2                      00000C RLZ    
ptr3                      00000E RLZ    ptr4                      000010 RLZ    
pusha                     001220 RLA    pushax                    001236 RLA    
regsave                   000006 RLZ    sp                        000002 RLZ    
sreg                      000004 RLZ    staspidx                  0012B8 RLA    
staxspidx                 0012D9 RLA    staxysp                   0012D0 RLA    
tmp1                      000012 RLZ    tosaddax                  000FC2 RLA    
tosandax                  000FEC RLA    tosaslax                  001285 RLA    
tosicmp                   00107F RLA    tosltax                   00110F RLA    
tosmulax                  00117D RLA    tosorax                   0011FE RLA    
tossubax                  0012F6 RLA    tosumulax                 00117D RLA    
zerobss                   001309 RLA    


Exports list by value:
----------------------
__DESTRUCTOR_COUNT__      000000 REA    __CONSTRUCTOR_COUNT__     000000 REA    
__STARTUP__               000001 REA    __LOADADDR__              000001 REA    
__EXEHDR__                000001 REA    sp                        000002 RLZ    
sreg                      000004 RLZ    regsave                   000006 RLZ    
ptr1                      00000A RLZ    ptr2                      00000C RLZ    
ptr3                      00000E RLZ    ptr4                      000010 RLZ    
tmp1                      000012 RLZ    ST                        000090 RLZ    
__BSS_SIZE__              00009A REA    __STACKSIZE__             000800 REA    
__HEADER_LAST__           00080D RLA    __MAIN_START__            00080D RLA    
_main                     000C4E RLA    _bomb_img1                000F80 RLA    
tosaddax                  000FC2 RLA    addysp1                   000FDC RLA    
addysp                    000FDD RLA    tosandax                  000FEC RLA    
aslax1                    000FFA RLA    asrax2                    001002 RLA    
asrax4                    001011 RLA    callmain                  00102A RLA    
donelib                   001041 RLA    decsp1                    00104D RLA    
decsp2                    001056 RLA    decsp4                    001063 RLA    
decsp6                    001070 RLA    tosicmp                   00107F RLA    
incax1                    0010AB RLA    incaxy                    0010B4 RLA    
popax                     0010BD RLA    incsp2                    0010C5 RLA    
incsp3                    0010D3 RLA    incsp4                    0010D8 RLA    
incsp5                    0010DD RLA    incsp6                    0010E2 RLA    
incsp8                    0010E7 RLA    ldauidx                   0010EC RLA    
ldaxidx                   0010F7 RLA    ldaxysp                   001104 RLA    
tosltax                   00110F RLA    boolne                    001115 RLA    
boollt                    001124 RLA    boolult                   001134 RLA    
_memcpy                   001141 RLA    tosumulax                 00117D RLA    
tosmulax                  00117D RLA    mul8x16                   0011C4 RLA    
mul8x16a                  0011CE RLA    tosorax                   0011FE RLA    
popptr1                   00120E RLA    pusha                     001220 RLA    
pushax                    001236 RLA    _rand                     00124C RLA    
_srand                    00126E RLA    __randomize               00127D RLA    
tosaslax                  001285 RLA    staspidx                  0012B8 RLA    
staxysp                   0012D0 RLA    staxspidx                 0012D9 RLA    
tossubax                  0012F6 RLA    zerobss                   001309 RLA    
__DESTRUCTOR_TABLE__      001330 RLA    __ONCE_RUN__              00137B RLA    
initlib                   00137B RLA    __BSS_RUN__               00137B RLA    
__CONSTRUCTOR_TABLE__     0013A1 RLA    __MAIN_SIZE__             00C7F3 REA    
__HIMEM__                 00D000 REA    _clrscr                   00E544 REA    
BSOUT                     00FFD2 RLA    


Imports list:
-------------
BSOUT (kernal.o):
    crt0.o                    c64/crt0.s(10)
ST (status.o):
    crt0.o                    c64/crt0.s(13)
__BSS_RUN__ ([linker generated]):
    zerobss.o                 common/zerobss.s(8)
__BSS_SIZE__ ([linker generated]):
    zerobss.o                 common/zerobss.s(8)
__CONSTRUCTOR_COUNT__ ([linker generated]):
    condes.o                  runtime/condes.s(18)
__CONSTRUCTOR_TABLE__ ([linker generated]):
    condes.o                  runtime/condes.s(18)
__DESTRUCTOR_COUNT__ ([linker generated]):
    condes.o                  runtime/condes.s(19)
__DESTRUCTOR_TABLE__ ([linker generated]):
    condes.o                  runtime/condes.s(19)
__EXEHDR__ (exehdr.o):
    [linker generated]        c:\Users\chris\cc65/cfg/c64.cfg(6)
__HEADER_LAST__ ([linker generated]):
    [linker generated]        c:\Users\chris\cc65/cfg/c64.cfg(14)
    [linker generated]        c:\Users\chris\cc65/cfg/c64.cfg(14)
__HIMEM__ ([linker generated]):
    [linker generated]        c:\Users\chris\cc65/cfg/c64.cfg(15)
    [linker generated]        c:\Users\chris\cc65/cfg/c64.cfg(14)
__LOADADDR__ (loadaddr.o):
    [linker generated]        c:\Users\chris\cc65/cfg/c64.cfg(5)
__MAIN_SIZE__ ([linker generated]):
    crt0.o                    c64/crt0.s(11)
__MAIN_START__ ([linker generated]):
    crt0.o                    c64/crt0.s(11)
__ONCE_RUN__ ([linker generated]):
    [linker generated]        c:\Users\chris\cc65/cfg/c64.cfg(15)
    [linker generated]        c:\Users\chris\cc65/cfg/c64.cfg(15)
__STACKSIZE__ ([linker generated]):
    [linker generated]        c:\Users\chris\cc65/cfg/c64.cfg(15)
__STARTUP__ (crt0.o):
    Buckets n Bombs.o         src\Buckets n Bombs.s(30)
__randomize (randomize.o):
    Buckets n Bombs.o         src\Buckets n Bombs.s(37)
_bomb_img1 (sprite_data.o):
    Buckets n Bombs.o         src\Buckets n Bombs.s(40)
_clrscr (clrscr.o):
    Buckets n Bombs.o         src\Buckets n Bombs.s(38)
_main (Buckets n Bombs.o):
    callmain.o                runtime/callmain.s(11)
_memcpy (memcpy.o):
    Buckets n Bombs.o         src\Buckets n Bombs.s(39)
_rand (rand.o):
    Buckets n Bombs.o         src\Buckets n Bombs.s(36)
_srand (rand.o):
    randomize.o               c64/randomize.s(10)
addysp (addysp.o):
    incsp8.o                  runtime/incsp8.s(8)
    incsp6.o                  runtime/incsp6.s(8)
    incsp5.o                  runtime/incsp5.s(8)
    incsp4.o                  runtime/incsp4.s(8)
    incsp3.o                  runtime/incsp3.s(8)
    Buckets n Bombs.o         src\Buckets n Bombs.s(1141)
    Buckets n Bombs.o         src\Buckets n Bombs.s(1141)
addysp1 (addysp.o):
    sub.o                     runtime/sub.s(8)
    or.o                      runtime/or.s(9)
    and.o                     runtime/and.s(8)
aslax1 (aslax1.o):
    Buckets n Bombs.o         src\Buckets n Bombs.s(1141)
asrax2 (asrax2.o):
    Buckets n Bombs.o         src\Buckets n Bombs.s(1141)
asrax4 (asrax4.o):
    Buckets n Bombs.o         src\Buckets n Bombs.s(1141)
boollt (makebool.o):
    lt.o                      runtime/lt.s(8)
boolne (makebool.o):
    Buckets n Bombs.o         src\Buckets n Bombs.s(1141)
boolult (makebool.o):
    Buckets n Bombs.o         src\Buckets n Bombs.s(1141)
callmain (callmain.o):
    crt0.o                    c64/crt0.s(9)
decsp1 (decsp1.o):
    Buckets n Bombs.o         src\Buckets n Bombs.s(1141)
decsp2 (decsp2.o):
    Buckets n Bombs.o         src\Buckets n Bombs.s(1141)
    Buckets n Bombs.o         src\Buckets n Bombs.s(1141)
decsp4 (decsp4.o):
    Buckets n Bombs.o         src\Buckets n Bombs.s(1141)
    Buckets n Bombs.o         src\Buckets n Bombs.s(1141)
decsp6 (decsp6.o):
    Buckets n Bombs.o         src\Buckets n Bombs.s(1141)
donelib (condes.o):
    crt0.o                    c64/crt0.s(8)
incax1 (incax1.o):
    Buckets n Bombs.o         src\Buckets n Bombs.s(1141)
    Buckets n Bombs.o         src\Buckets n Bombs.s(1141)
    Buckets n Bombs.o         src\Buckets n Bombs.s(1141)
incaxy (incaxy.o):
    Buckets n Bombs.o         src\Buckets n Bombs.s(1141)
incsp2 (incsp2.o):
    staxspi.o                 runtime/staxspi.s(9)
    staspidx.o                runtime/staspidx.s(8)
    popptr1.o                 runtime/popptr1.s(8)
    Buckets n Bombs.o         src\Buckets n Bombs.s(1141)
incsp3 (incsp3.o):
    Buckets n Bombs.o         src\Buckets n Bombs.s(1141)
    Buckets n Bombs.o         src\Buckets n Bombs.s(1141)
incsp4 (incsp4.o):
    Buckets n Bombs.o         src\Buckets n Bombs.s(1141)
    Buckets n Bombs.o         src\Buckets n Bombs.s(1141)
    Buckets n Bombs.o         src\Buckets n Bombs.s(1141)
    Buckets n Bombs.o         src\Buckets n Bombs.s(1141)
incsp5 (incsp5.o):
    Buckets n Bombs.o         src\Buckets n Bombs.s(1141)
incsp6 (incsp6.o):
    Buckets n Bombs.o         src\Buckets n Bombs.s(1141)
    Buckets n Bombs.o         src\Buckets n Bombs.s(1141)
incsp8 (incsp8.o):
    Buckets n Bombs.o         src\Buckets n Bombs.s(1141)
initlib (condes.o):
    crt0.o                    c64/crt0.s(8)
ldauidx (ldaui.o):
    Buckets n Bombs.o         src\Buckets n Bombs.s(1141)
    Buckets n Bombs.o         src\Buckets n Bombs.s(1141)
ldaxidx (ldaxi.o):
    Buckets n Bombs.o         src\Buckets n Bombs.s(1141)
    Buckets n Bombs.o         src\Buckets n Bombs.s(1141)
    Buckets n Bombs.o         src\Buckets n Bombs.s(1141)
    Buckets n Bombs.o         src\Buckets n Bombs.s(1141)
    Buckets n Bombs.o         src\Buckets n Bombs.s(1141)
    Buckets n Bombs.o         src\Buckets n Bombs.s(1141)
    Buckets n Bombs.o         src\Buckets n Bombs.s(1141)
ldaxysp (ldaxsp.o):
    Buckets n Bombs.o         src\Buckets n Bombs.s(1141)
    Buckets n Bombs.o         src\Buckets n Bombs.s(1141)
    Buckets n Bombs.o         src\Buckets n Bombs.s(1141)
    Buckets n Bombs.o         src\Buckets n Bombs.s(1141)
    Buckets n Bombs.o         src\Buckets n Bombs.s(1141)
    Buckets n Bombs.o         src\Buckets n Bombs.s(1141)
    Buckets n Bombs.o         src\Buckets n Bombs.s(1141)
    Buckets n Bombs.o         src\Buckets n Bombs.s(1141)
    Buckets n Bombs.o         src\Buckets n Bombs.s(1141)
    Buckets n Bombs.o         src\Buckets n Bombs.s(1141)
    Buckets n Bombs.o         src\Buckets n Bombs.s(1141)
    Buckets n Bombs.o         src\Buckets n Bombs.s(1141)
mul8x16 (mul8.o):
    mul.o                     runtime/mul.s(8)
mul8x16a (mul8.o):
    mul.o                     runtime/mul.s(8)
popax (incsp2.o):
    shl.o                     runtime/shl.s(15)
    memcpy.o                  common/memcpy.s(14)
popptr1 (popptr1.o):
    mul8.o                    runtime/mul8.s(9)
    mul.o                     runtime/mul.s(9)
    memcpy.o                  common/memcpy.s(14)
ptr1 (zeropage.o):
    zerobss.o                 common/zerobss.s(9)
    staxspi.o                 runtime/staxspi.s(10)
    staspidx.o                runtime/staspidx.s(9)
    popptr1.o                 runtime/popptr1.s(9)
    mul8.o                    runtime/mul8.s(10)
    mul.o                     runtime/mul.s(10)
    memcpy.o                  common/memcpy.s(15)
    ldaxi.o                   runtime/ldaxi.s(8)
    ldaui.o                   runtime/ldaui.s(8)
ptr2 (zeropage.o):
    memcpy.o                  common/memcpy.s(15)
ptr3 (zeropage.o):
    memcpy.o                  common/memcpy.s(15)
ptr4 (zeropage.o):
    mul8.o                    runtime/mul8.s(10)
    mul.o                     runtime/mul.s(10)
pusha (pusha.o):
    Buckets n Bombs.o         src\Buckets n Bombs.s(1141)
    Buckets n Bombs.o         src\Buckets n Bombs.s(1141)
    Buckets n Bombs.o         src\Buckets n Bombs.s(1141)
    Buckets n Bombs.o         src\Buckets n Bombs.s(1141)
    Buckets n Bombs.o         src\Buckets n Bombs.s(1141)
    Buckets n Bombs.o         src\Buckets n Bombs.s(1141)
pushax (pushax.o):
    callmain.o                runtime/callmain.s(11)
    Buckets n Bombs.o         src\Buckets n Bombs.s(1141)
    Buckets n Bombs.o         src\Buckets n Bombs.s(1141)
    Buckets n Bombs.o         src\Buckets n Bombs.s(1141)
    Buckets n Bombs.o         src\Buckets n Bombs.s(1141)
    Buckets n Bombs.o         src\Buckets n Bombs.s(1141)
    Buckets n Bombs.o         src\Buckets n Bombs.s(1141)
    Buckets n Bombs.o         src\Buckets n Bombs.s(1141)
    Buckets n Bombs.o         src\Buckets n Bombs.s(1141)
    Buckets n Bombs.o         src\Buckets n Bombs.s(1141)
    Buckets n Bombs.o         src\Buckets n Bombs.s(1141)
    Buckets n Bombs.o         src\Buckets n Bombs.s(1141)
    Buckets n Bombs.o         src\Buckets n Bombs.s(1141)
    Buckets n Bombs.o         src\Buckets n Bombs.s(1141)
regsave (zeropage.o):
    Buckets n Bombs.o         src\Buckets n Bombs.s(10)
sp (zeropage.o):
    icmp.o                    runtime/icmp.s(9)
    sub.o                     runtime/sub.s(9)
    staxspi.o                 runtime/staxspi.s(10)
    staxsp.o                  runtime/staxsp.s(8)
    staspidx.o                runtime/staspidx.s(9)
    pushax.o                  runtime/pushax.s(8)
    pusha.o                   runtime/pusha.s(8)
    popptr1.o                 runtime/popptr1.s(9)
    or.o                      runtime/or.s(10)
    memcpy.o                  common/memcpy.s(15)
    ldaxsp.o                  runtime/ldaxsp.s(8)
    incsp2.o                  runtime/incsp2.s(8)
    decsp6.o                  runtime/decsp6.s(8)
    decsp4.o                  runtime/decsp4.s(8)
    decsp2.o                  runtime/decsp2.s(8)
    decsp1.o                  runtime/decsp1.s(8)
    crt0.o                    /home/travis/build/cc65/cc65/asminc/zeropage.inc(11)
    and.o                     runtime/and.s(9)
    addysp.o                  runtime/addysp.s(8)
    add.o                     runtime/add.s(12)
    Buckets n Bombs.o         src\Buckets n Bombs.s(10)
sreg (zeropage.o):
    icmp.o                    runtime/icmp.s(9)
staspidx (staspidx.o):
    Buckets n Bombs.o         src\Buckets n Bombs.s(1141)
    Buckets n Bombs.o         src\Buckets n Bombs.s(1141)
    Buckets n Bombs.o         src\Buckets n Bombs.s(1141)
    Buckets n Bombs.o         src\Buckets n Bombs.s(1141)
    Buckets n Bombs.o         src\Buckets n Bombs.s(1141)
    Buckets n Bombs.o         src\Buckets n Bombs.s(1141)
staxspidx (staxspi.o):
    Buckets n Bombs.o         src\Buckets n Bombs.s(1141)
    Buckets n Bombs.o         src\Buckets n Bombs.s(1141)
    Buckets n Bombs.o         src\Buckets n Bombs.s(1141)
staxysp (staxsp.o):
    Buckets n Bombs.o         src\Buckets n Bombs.s(1141)
    Buckets n Bombs.o         src\Buckets n Bombs.s(1141)
    Buckets n Bombs.o         src\Buckets n Bombs.s(1141)
    Buckets n Bombs.o         src\Buckets n Bombs.s(1141)
    Buckets n Bombs.o         src\Buckets n Bombs.s(1141)
tmp1 (zeropage.o):
    staxspi.o                 runtime/staxspi.s(10)
    staspidx.o                runtime/staspidx.s(9)
    shl.o                     runtime/shl.s(16)
    or.o                      runtime/or.s(10)
    mul.o                     runtime/mul.s(10)
    incaxy.o                  runtime/incaxy.s(8)
    asrax4.o                  runtime/asrax4.s(9)
    asrax2.o                  runtime/asrax2.s(8)
    aslax1.o                  runtime/aslax1.s(8)
    add.o                     runtime/add.s(12)
tosaddax (add.o):
    Buckets n Bombs.o         src\Buckets n Bombs.s(1141)
    Buckets n Bombs.o         src\Buckets n Bombs.s(1141)
    Buckets n Bombs.o         src\Buckets n Bombs.s(1141)
    Buckets n Bombs.o         src\Buckets n Bombs.s(1141)
tosandax (and.o):
    Buckets n Bombs.o         src\Buckets n Bombs.s(1141)
tosaslax (shl.o):
    Buckets n Bombs.o         src\Buckets n Bombs.s(1141)
tosicmp (icmp.o):
    lt.o                      runtime/lt.s(8)
tosltax (lt.o):
    Buckets n Bombs.o         src\Buckets n Bombs.s(1141)
tosmulax (mul.o):
    Buckets n Bombs.o         src\Buckets n Bombs.s(1141)
    Buckets n Bombs.o         src\Buckets n Bombs.s(1141)
tosorax (or.o):
    Buckets n Bombs.o         src\Buckets n Bombs.s(1141)
tossubax (sub.o):
    Buckets n Bombs.o         src\Buckets n Bombs.s(1141)
tosumulax (mul.o):
    Buckets n Bombs.o         src\Buckets n Bombs.s(1141)
zerobss (zerobss.o):
    crt0.o                    c64/crt0.s(9)

